Fechoero de log:

Versión inicial test